../../Middlewares/ST/touchgfx/framework/include/touchgfx/Screen.hpp:104:18:virtual void touchgfx::Screen::afterTransition()	0	static
../../Middlewares/ST/touchgfx/framework/include/touchgfx/Screen.hpp:144:18:virtual void touchgfx::Screen::handleTickEvent()	0	static
../../Middlewares/ST/touchgfx/framework/include/touchgfx/Screen.hpp:154:18:virtual void touchgfx::Screen::handleKeyEvent(uint8_t)	0	static
C:/TouchGFXProjects/game2048T1/TouchGFX/gui/src/homescreen_screen/homeScreenView.cpp:13:6:virtual void homeScreenView::tearDownScreen()	0	static
../../TouchGFX/gui/include/gui/homescreen_screen/homeScreenView.hpp:11:13:homeScreenView::~homeScreenView()	8	static
../../TouchGFX/gui/include/gui/homescreen_screen/homeScreenView.hpp:11:13:virtual homeScreenView::~homeScreenView()	8	static
C:/TouchGFXProjects/game2048T1/TouchGFX/gui/src/homescreen_screen/homeScreenView.cpp:3:1:homeScreenView::homeScreenView()	8	static
C:/TouchGFXProjects/game2048T1/TouchGFX/gui/src/homescreen_screen/homeScreenView.cpp:8:6:virtual void homeScreenView::setupScreen()	0	static
C:/TouchGFXProjects/game2048T1/TouchGFX/gui/src/homescreen_screen/homeScreenView.cpp:20:6:virtual void homeScreenView::getHighestScore()	8	static
