../../Middlewares/ST/touchgfx/framework/include/touchgfx/Screen.hpp:104:18:virtual void touchgfx::Screen::afterTransition()	0	static
../../Middlewares/ST/touchgfx/framework/include/touchgfx/Screen.hpp:154:18:virtual void touchgfx::Screen::handleKeyEvent(uint8_t)	0	static
../../Middlewares/ST/touchgfx/framework/include/touchgfx/Callback.hpp:357:8:touchgfx::Callback<playScreenView, const touchgfx::MoveAnimator<touchgfx::Container>&>::~Callback()	0	static
C:/TouchGFXProjects/game2048T1/TouchGFX/gui/src/playscreen_screen/playScreenView.cpp:115:6:virtual void playScreenView::tearDownScreen()	0	static
../../Middlewares/ST/touchgfx/framework/include/touchgfx/Callback.hpp:386:18:void touchgfx::Callback<dest_type, T1, void, void>::execute(T1) [with dest_type = playScreenView; T1 = const touchgfx::MoveAnimator<touchgfx::Container>&]	8	static
../../Middlewares/ST/touchgfx/framework/include/touchgfx/Callback.hpp:396:18:bool touchgfx::Callback<dest_type, T1, void, void>::isValid() const [with dest_type = playScreenView; T1 = const touchgfx::MoveAnimator<touchgfx::Container>&]	0	static
../../Middlewares/ST/touchgfx/framework/include/touchgfx/Callback.hpp:357:8:virtual touchgfx::Callback<playScreenView, const touchgfx::MoveAnimator<touchgfx::Container>&>::~Callback()	8	static
../../TouchGFX/gui/include/gui/playscreen_screen/playScreenView.hpp:11:13:playScreenView::~playScreenView()	8	static
../../TouchGFX/gui/include/gui/playscreen_screen/playScreenView.hpp:11:13:virtual playScreenView::~playScreenView()	8	static
C:/TouchGFXProjects/game2048T1/TouchGFX/gui/src/playscreen_screen/playScreenView.cpp:20:1:playScreenView::playScreenView()	8	static
C:/TouchGFXProjects/game2048T1/TouchGFX/gui/src/playscreen_screen/playScreenView.cpp:449:9:uint8_t playScreenView::kiemtra()	12	static
C:/TouchGFXProjects/game2048T1/TouchGFX/gui/src/playscreen_screen/playScreenView.cpp:478:6:void playScreenView::updateGiaoDien()	40	static
C:/TouchGFXProjects/game2048T1/TouchGFX/gui/src/playscreen_screen/playScreenView.cpp:530:6:void playScreenView::updateHighestScore()	0	static
C:/TouchGFXProjects/game2048T1/TouchGFX/gui/src/playscreen_screen/playScreenView.cpp:121:6:virtual void playScreenView::tinhDiem()	12	static
C:/TouchGFXProjects/game2048T1/TouchGFX/gui/src/playscreen_screen/playScreenView.cpp:538:6:void playScreenView::setDiChuyen(int, int, int, int)	16	static
C:/TouchGFXProjects/game2048T1/TouchGFX/gui/src/playscreen_screen/playScreenView.cpp:549:6:void playScreenView::mergeBox(int, int)	8	static
C:/TouchGFXProjects/game2048T1/TouchGFX/gui/src/playscreen_screen/playScreenView.cpp:560:6:void playScreenView::setContainerVeChoCu(int, int)	24	static
../../Middlewares/ST/touchgfx/framework/include/touchgfx/mixins/MoveAnimator.hpp:131:10:void touchgfx::MoveAnimator<T>::startMoveAnimation(int16_t, int16_t, uint16_t, touchgfx::EasingEquation, touchgfx::EasingEquation) [with T = touchgfx::Container]	32	static
C:\ST\STM32CubeIDE_1.18.0\STM32CubeIDE\plugins\com.st.stm32cube.ide.mcu.externaltools.gnu-tools-for-stm32.13.3.rel1.win32_1.0.0.202411081344\tools\bin/../lib/gcc/arm-none-eabi/13.3.1/../../../../arm-none-eabi/include/c++/13.3.1/bits/random.tcc:397:5:void std::mersenne_twister_engine<_UIntType, __w, __n, __m, __r, __a, __u, __d, __s, __b, __t, __c, __l, __f>::_M_gen_rand() [with _UIntType = unsigned int; unsigned int __w = 32; unsigned int __n = 624; unsigned int __m = 397; unsigned int __r = 31; _UIntType __a = 2567483615; unsigned int __u = 11; _UIntType __d = 4294967295; unsigned int __s = 7; _UIntType __b = 2636928640; unsigned int __t = 15; _UIntType __c = 4022730752; unsigned int __l = 18; _UIntType __f = 1812433253]	12	static
C:\ST\STM32CubeIDE_1.18.0\STM32CubeIDE\plugins\com.st.stm32cube.ide.mcu.externaltools.gnu-tools-for-stm32.13.3.rel1.win32_1.0.0.202411081344\tools\bin/../lib/gcc/arm-none-eabi/13.3.1/../../../../arm-none-eabi/include/c++/13.3.1/bits/random.tcc:453:5:std::mersenne_twister_engine<_UIntType, __w, __n, __m, __r, __a, __u, __d, __s, __b, __t, __c, __l, __f>::result_type std::mersenne_twister_engine<_UIntType, __w, __n, __m, __r, __a, __u, __d, __s, __b, __t, __c, __l, __f>::operator()() [with _UIntType = unsigned int; unsigned int __w = 32; unsigned int __n = 624; unsigned int __m = 397; unsigned int __r = 31; _UIntType __a = 2567483615; unsigned int __u = 11; _UIntType __d = 4294967295; unsigned int __s = 7; _UIntType __b = 2636928640; unsigned int __t = 15; _UIntType __c = 4022730752; unsigned int __l = 18; _UIntType __f = 1812433253]	8	static
C:/TouchGFXProjects/game2048T1/TouchGFX/gui/src/playscreen_screen/playScreenView.cpp:389:6:void playScreenView::addRamdomBox()	152	static
C:/TouchGFXProjects/game2048T1/TouchGFX/gui/src/playscreen_screen/playScreenView.cpp:136:6:void playScreenView::batDauGame()	16	static
C:/TouchGFXProjects/game2048T1/TouchGFX/gui/src/playscreen_screen/playScreenView.cpp:131:6:virtual void playScreenView::khoitaogame()	0	static
C:/TouchGFXProjects/game2048T1/TouchGFX/gui/src/playscreen_screen/playScreenView.cpp:573:6:void playScreenView::finishAnimation()	0	static
C:/TouchGFXProjects/game2048T1/TouchGFX/gui/src/playscreen_screen/playScreenView.cpp:28:6:virtual void playScreenView::setupScreen()	8	static
C:/TouchGFXProjects/game2048T1/TouchGFX/gui/src/playscreen_screen/playScreenView.cpp:515:6:void playScreenView::endGame()	16	static
C:/TouchGFXProjects/game2048T1/TouchGFX/gui/src/playscreen_screen/playScreenView.cpp:584:6:void playScreenView::startX_RightMoveHinh(int)	32	static
C:/TouchGFXProjects/game2048T1/TouchGFX/gui/src/playscreen_screen/playScreenView.cpp:191:6:void playScreenView::moveRight()	32	static
C:/TouchGFXProjects/game2048T1/TouchGFX/gui/src/playscreen_screen/playScreenView.cpp:609:6:void playScreenView::callbackHandlerX_Right(const touchgfx::MoveAnimator<touchgfx::Container>&)	24	static
C:/TouchGFXProjects/game2048T1/TouchGFX/gui/src/playscreen_screen/playScreenView.cpp:630:6:void playScreenView::startX_LeftMoveHinh(int)	32	static
C:/TouchGFXProjects/game2048T1/TouchGFX/gui/src/playscreen_screen/playScreenView.cpp:240:6:void playScreenView::moveLeft()	32	static
C:/TouchGFXProjects/game2048T1/TouchGFX/gui/src/playscreen_screen/playScreenView.cpp:654:6:void playScreenView::callbackHandlerX_Left(const touchgfx::MoveAnimator<touchgfx::Container>&)	24	static
C:/TouchGFXProjects/game2048T1/TouchGFX/gui/src/playscreen_screen/playScreenView.cpp:676:6:void playScreenView::startY_UpMoveHinh(int)	32	static
C:/TouchGFXProjects/game2048T1/TouchGFX/gui/src/playscreen_screen/playScreenView.cpp:289:6:void playScreenView::moveUp()	40	static
C:/TouchGFXProjects/game2048T1/TouchGFX/gui/src/playscreen_screen/playScreenView.cpp:700:6:void playScreenView::callbackHandlerY_Up(const touchgfx::MoveAnimator<touchgfx::Container>&)	24	static
C:/TouchGFXProjects/game2048T1/TouchGFX/gui/src/playscreen_screen/playScreenView.cpp:721:6:void playScreenView::startY_DownMoveHinh(int)	32	static
C:/TouchGFXProjects/game2048T1/TouchGFX/gui/src/playscreen_screen/playScreenView.cpp:338:6:void playScreenView::moveDown()	40	static
C:/TouchGFXProjects/game2048T1/TouchGFX/gui/src/playscreen_screen/playScreenView.cpp:149:6:virtual void playScreenView::xuLyLuoi()	16	static
C:/TouchGFXProjects/game2048T1/TouchGFX/gui/src/playscreen_screen/playScreenView.cpp:745:6:void playScreenView::callbackHandlerY_Down(const touchgfx::MoveAnimator<touchgfx::Container>&)	24	static
