../../Middlewares/ST/touchgfx/framework/include/touchgfx/Screen.hpp:104:18:virtual void touchgfx::Screen::afterTransition()	0	static
../../Middlewares/ST/touchgfx/framework/include/touchgfx/Screen.hpp:154:18:virtual void touchgfx::Screen::handleKeyEvent(uint8_t)	0	static
C:/TouchGFXProjects/game2048T1/TouchGFX/gui/src/playscreen_screen/playScreenView.cpp:22:6:virtual void playScreenView::tearDownScreen()	0	static
../../TouchGFX/gui/include/gui/playscreen_screen/playScreenView.hpp:11:13:playScreenView::~playScreenView()	8	static
../../TouchGFX/gui/include/gui/playscreen_screen/playScreenView.hpp:11:13:virtual playScreenView::~playScreenView()	8	static
C:/TouchGFXProjects/game2048T1/TouchGFX/gui/src/playscreen_screen/playScreenView.cpp:12:1:playScreenView::playScreenView()	8	static
C:/TouchGFXProjects/game2048T1/TouchGFX/gui/src/playscreen_screen/playScreenView.cpp:91:6:void playScreenView::moveRight()	40	static
C:/TouchGFXProjects/game2048T1/TouchGFX/gui/src/playscreen_screen/playScreenView.cpp:135:6:void playScreenView::moveLeft()	40	static
C:/TouchGFXProjects/game2048T1/TouchGFX/gui/src/playscreen_screen/playScreenView.cpp:170:6:void playScreenView::moveUp()	40	static
C:/TouchGFXProjects/game2048T1/TouchGFX/gui/src/playscreen_screen/playScreenView.cpp:206:6:void playScreenView::moveDown()	40	static
C:/TouchGFXProjects/game2048T1/TouchGFX/gui/src/playscreen_screen/playScreenView.cpp:243:6:void playScreenView::addRamdomBox()	152	static
C:/TouchGFXProjects/game2048T1/TouchGFX/gui/src/playscreen_screen/playScreenView.cpp:17:6:virtual void playScreenView::setupScreen()	0	static
C:/TouchGFXProjects/game2048T1/TouchGFX/gui/src/playscreen_screen/playScreenView.cpp:315:6:void playScreenView::updateGiaoDien()	16	static
C:/TouchGFXProjects/game2048T1/TouchGFX/gui/src/playscreen_screen/playScreenView.cpp:39:6:void playScreenView::batDauGame()	8	static
C:/TouchGFXProjects/game2048T1/TouchGFX/gui/src/playscreen_screen/playScreenView.cpp:34:6:virtual void playScreenView::khoitaogame()	0	static
C:/TouchGFXProjects/game2048T1/TouchGFX/gui/src/playscreen_screen/playScreenView.cpp:366:6:void playScreenView::endGame()	8	static
C:/TouchGFXProjects/game2048T1/TouchGFX/gui/src/playscreen_screen/playScreenView.cpp:28:6:virtual void playScreenView::tinhDiem()	0	static
C:/TouchGFXProjects/game2048T1/TouchGFX/gui/src/playscreen_screen/playScreenView.cpp:55:6:virtual void playScreenView::xuLyLuoi()	16	static
