../../Middlewares/ST/touchgfx/framework/include/touchgfx/Screen.hpp:104:18:virtual void touchgfx::Screen::afterTransition()	0	static
../../Middlewares/ST/touchgfx/framework/include/touchgfx/Screen.hpp:144:18:virtual void touchgfx::Screen::handleTickEvent()	0	static
../../Middlewares/ST/touchgfx/framework/include/touchgfx/Screen.hpp:154:18:virtual void touchgfx::Screen::handleKeyEvent(uint8_t)	0	static
C:/TouchGFXProjects/game2048T1/TouchGFX/gui/src/playscreen_screen/playScreenView.cpp:13:6:virtual void playScreenView::tearDownScreen()	0	static
../../TouchGFX/gui/include/gui/playscreen_screen/playScreenView.hpp:11:13:playScreenView::~playScreenView()	8	static
../../TouchGFX/gui/include/gui/playscreen_screen/playScreenView.hpp:11:13:virtual playScreenView::~playScreenView()	8	static
C:/TouchGFXProjects/game2048T1/TouchGFX/gui/src/playscreen_screen/playScreenView.cpp:3:1:playScreenView::playScreenView()	8	static
C:/TouchGFXProjects/game2048T1/TouchGFX/gui/src/playscreen_screen/playScreenView.cpp:8:6:virtual void playScreenView::setupScreen()	0	static
