../../Middlewares/ST/touchgfx/framework/include/touchgfx/Screen.hpp:104:18:virtual void touchgfx::Screen::afterTransition()	0	static
../../Middlewares/ST/touchgfx/framework/include/touchgfx/Screen.hpp:154:18:virtual void touchgfx::Screen::handleKeyEvent(uint8_t)	0	static
C:/TouchGFXProjects/game2048T1/TouchGFX/gui/src/playscreen_screen/playScreenView.cpp:115:6:virtual void playScreenView::tearDownScreen()	0	static
../../TouchGFX/gui/include/gui/playscreen_screen/playScreenView.hpp:11:13:playScreenView::~playScreenView()	8	static
../../TouchGFX/gui/include/gui/playscreen_screen/playScreenView.hpp:11:13:virtual playScreenView::~playScreenView()	8	static
C:/TouchGFXProjects/game2048T1/TouchGFX/gui/src/playscreen_screen/playScreenView.cpp:20:1:playScreenView::playScreenView()	8	static
C:/TouchGFXProjects/game2048T1/TouchGFX/gui/src/playscreen_screen/playScreenView.cpp:187:6:void playScreenView::moveRight()	24	static
C:/TouchGFXProjects/game2048T1/TouchGFX/gui/src/playscreen_screen/playScreenView.cpp:227:6:void playScreenView::moveLeft()	24	static
C:/TouchGFXProjects/game2048T1/TouchGFX/gui/src/playscreen_screen/playScreenView.cpp:264:6:void playScreenView::moveUp()	32	static
C:/TouchGFXProjects/game2048T1/TouchGFX/gui/src/playscreen_screen/playScreenView.cpp:302:6:void playScreenView::moveDown()	32	static
C:/TouchGFXProjects/game2048T1/TouchGFX/gui/src/playscreen_screen/playScreenView.cpp:340:6:void playScreenView::KiemTraDiChuyen(int, int, int, int)	0	static
C:/TouchGFXProjects/game2048T1/TouchGFX/gui/src/playscreen_screen/playScreenView.cpp:399:9:uint8_t playScreenView::kiemtra()	12	static
C:/TouchGFXProjects/game2048T1/TouchGFX/gui/src/playscreen_screen/playScreenView.cpp:428:6:void playScreenView::updateGiaoDien()	40	static
C:/TouchGFXProjects/game2048T1/TouchGFX/gui/src/playscreen_screen/playScreenView.cpp:480:6:void playScreenView::updateHighestScore()	0	static
C:/TouchGFXProjects/game2048T1/TouchGFX/gui/src/playscreen_screen/playScreenView.cpp:121:6:virtual void playScreenView::tinhDiem()	12	static
C:\ST\STM32CubeIDE_1.18.0\STM32CubeIDE\plugins\com.st.stm32cube.ide.mcu.externaltools.gnu-tools-for-stm32.13.3.rel1.win32_1.0.0.202411081344\tools\bin/../lib/gcc/arm-none-eabi/13.3.1/../../../../arm-none-eabi/include/c++/13.3.1/bits/random.tcc:397:5:void std::mersenne_twister_engine<_UIntType, __w, __n, __m, __r, __a, __u, __d, __s, __b, __t, __c, __l, __f>::_M_gen_rand() [with _UIntType = unsigned int; unsigned int __w = 32; unsigned int __n = 624; unsigned int __m = 397; unsigned int __r = 31; _UIntType __a = 2567483615; unsigned int __u = 11; _UIntType __d = 4294967295; unsigned int __s = 7; _UIntType __b = 2636928640; unsigned int __t = 15; _UIntType __c = 4022730752; unsigned int __l = 18; _UIntType __f = 1812433253]	12	static
C:\ST\STM32CubeIDE_1.18.0\STM32CubeIDE\plugins\com.st.stm32cube.ide.mcu.externaltools.gnu-tools-for-stm32.13.3.rel1.win32_1.0.0.202411081344\tools\bin/../lib/gcc/arm-none-eabi/13.3.1/../../../../arm-none-eabi/include/c++/13.3.1/bits/random.tcc:453:5:std::mersenne_twister_engine<_UIntType, __w, __n, __m, __r, __a, __u, __d, __s, __b, __t, __c, __l, __f>::result_type std::mersenne_twister_engine<_UIntType, __w, __n, __m, __r, __a, __u, __d, __s, __b, __t, __c, __l, __f>::operator()() [with _UIntType = unsigned int; unsigned int __w = 32; unsigned int __n = 624; unsigned int __m = 397; unsigned int __r = 31; _UIntType __a = 2567483615; unsigned int __u = 11; _UIntType __d = 4294967295; unsigned int __s = 7; _UIntType __b = 2636928640; unsigned int __t = 15; _UIntType __c = 4022730752; unsigned int __l = 18; _UIntType __f = 1812433253]	8	static
C:/TouchGFXProjects/game2048T1/TouchGFX/gui/src/playscreen_screen/playScreenView.cpp:347:6:void playScreenView::addRamdomBox()	152	static
C:/TouchGFXProjects/game2048T1/TouchGFX/gui/src/playscreen_screen/playScreenView.cpp:136:6:void playScreenView::batDauGame()	16	static
C:/TouchGFXProjects/game2048T1/TouchGFX/gui/src/playscreen_screen/playScreenView.cpp:131:6:virtual void playScreenView::khoitaogame()	0	static
C:/TouchGFXProjects/game2048T1/TouchGFX/gui/src/playscreen_screen/playScreenView.cpp:28:6:virtual void playScreenView::setupScreen()	8	static
C:/TouchGFXProjects/game2048T1/TouchGFX/gui/src/playscreen_screen/playScreenView.cpp:465:6:void playScreenView::endGame()	16	static
C:/TouchGFXProjects/game2048T1/TouchGFX/gui/src/playscreen_screen/playScreenView.cpp:149:6:virtual void playScreenView::xuLyLuoi()	16	static
